2020-12-19 23:21:06,238:84:INFO:現在、1ページ目の1件目です。
2020-12-19 23:21:06,362:84:INFO:現在、1ページ目の2件目です。
2020-12-19 23:21:06,392:84:INFO:現在、1ページ目の3件目です。
2020-12-19 23:21:06,421:84:INFO:現在、1ページ目の4件目です。
2020-12-19 23:21:06,448:84:INFO:現在、1ページ目の5件目です。
2020-12-19 23:21:06,477:84:INFO:現在、1ページ目の6件目です。
2020-12-19 23:21:06,509:84:INFO:現在、1ページ目の7件目です。
2020-12-19 23:21:06,539:84:INFO:現在、1ページ目の8件目です。
2020-12-19 23:21:06,573:84:INFO:現在、1ページ目の9件目です。
2020-12-19 23:21:06,608:84:INFO:現在、1ページ目の10件目です。
2020-12-19 23:21:06,650:84:INFO:現在、1ページ目の11件目です。
2020-12-19 23:21:06,762:84:INFO:現在、1ページ目の12件目です。
2020-12-19 23:21:06,806:84:INFO:現在、1ページ目の13件目です。
2020-12-19 23:21:06,836:84:INFO:現在、1ページ目の14件目です。
2020-12-19 23:21:06,865:84:INFO:現在、1ページ目の15件目です。
2020-12-19 23:21:06,899:84:INFO:現在、1ページ目の16件目です。
2020-12-19 23:21:06,934:84:INFO:現在、1ページ目の17件目です。
2020-12-19 23:21:06,965:84:INFO:現在、1ページ目の18件目です。
2020-12-19 23:21:06,996:84:INFO:現在、1ページ目の19件目です。
2020-12-19 23:21:07,026:84:INFO:現在、1ページ目の20件目です。
2020-12-19 23:21:07,056:84:INFO:現在、1ページ目の21件目です。
2020-12-19 23:21:07,085:84:INFO:現在、1ページ目の22件目です。
2020-12-19 23:21:07,114:84:INFO:現在、1ページ目の23件目です。
2020-12-19 23:21:07,144:84:INFO:現在、1ページ目の24件目です。
2020-12-19 23:21:07,175:84:INFO:現在、1ページ目の25件目です。
2020-12-19 23:21:07,204:84:INFO:現在、1ページ目の26件目です。
2020-12-19 23:21:07,232:84:INFO:現在、1ページ目の27件目です。
2020-12-19 23:21:07,261:84:INFO:現在、1ページ目の28件目です。
2020-12-19 23:21:07,291:84:INFO:現在、1ページ目の29件目です。
2020-12-19 23:21:07,323:84:INFO:現在、1ページ目の30件目です。
2020-12-19 23:21:07,367:84:INFO:現在、1ページ目の31件目です。
2020-12-19 23:21:07,404:84:INFO:現在、1ページ目の32件目です。
2020-12-19 23:21:07,435:84:INFO:現在、1ページ目の33件目です。
2020-12-19 23:21:07,464:84:INFO:現在、1ページ目の34件目です。
2020-12-19 23:21:07,494:84:INFO:現在、1ページ目の35件目です。
2020-12-19 23:21:07,523:84:INFO:現在、1ページ目の36件目です。
2020-12-19 23:21:07,552:84:INFO:現在、1ページ目の37件目です。
2020-12-19 23:21:07,582:84:INFO:現在、1ページ目の38件目です。
2020-12-19 23:21:07,611:84:INFO:現在、1ページ目の39件目です。
2020-12-19 23:21:07,641:84:INFO:現在、1ページ目の40件目です。
2020-12-19 23:21:07,671:84:INFO:現在、1ページ目の41件目です。
2020-12-19 23:21:07,702:84:INFO:現在、1ページ目の42件目です。
2020-12-19 23:21:07,731:84:INFO:現在、1ページ目の43件目です。
2020-12-19 23:21:07,761:84:INFO:現在、1ページ目の44件目です。
2020-12-19 23:21:07,791:84:INFO:現在、1ページ目の45件目です。
2020-12-19 23:21:07,821:84:INFO:現在、1ページ目の46件目です。
2020-12-19 23:21:07,853:84:INFO:現在、1ページ目の47件目です。
2020-12-19 23:21:07,883:84:INFO:現在、1ページ目の48件目です。
2020-12-19 23:21:07,913:84:INFO:現在、1ページ目の49件目です。
2020-12-19 23:21:11,227:84:INFO:現在、2ページ目の1件目です。
2020-12-19 23:21:11,257:84:INFO:現在、2ページ目の2件目です。
2020-12-19 23:21:11,286:84:INFO:現在、2ページ目の3件目です。
2020-12-19 23:21:11,316:84:INFO:現在、2ページ目の4件目です。
2020-12-19 23:21:11,346:84:INFO:現在、2ページ目の5件目です。
2020-12-19 23:21:11,377:84:INFO:現在、2ページ目の6件目です。
2020-12-19 23:21:11,415:84:INFO:現在、2ページ目の7件目です。
2020-12-19 23:21:11,459:84:INFO:現在、2ページ目の8件目です。
2020-12-19 23:21:11,494:84:INFO:現在、2ページ目の9件目です。
2020-12-19 23:21:11,524:84:INFO:現在、2ページ目の10件目です。
2020-12-19 23:21:11,554:84:INFO:現在、2ページ目の11件目です。
2020-12-19 23:21:11,585:84:INFO:現在、2ページ目の12件目です。
2020-12-19 23:21:11,614:84:INFO:現在、2ページ目の13件目です。
2020-12-19 23:21:11,646:84:INFO:現在、2ページ目の14件目です。
2020-12-19 23:21:11,675:84:INFO:現在、2ページ目の15件目です。
2020-12-19 23:21:11,707:84:INFO:現在、2ページ目の16件目です。
2020-12-19 23:21:11,738:84:INFO:現在、2ページ目の17件目です。
2020-12-19 23:21:11,769:84:INFO:現在、2ページ目の18件目です。
2020-12-19 23:21:11,798:84:INFO:現在、2ページ目の19件目です。
2020-12-19 23:21:11,829:84:INFO:現在、2ページ目の20件目です。
2020-12-19 23:21:11,859:84:INFO:現在、2ページ目の21件目です。
2020-12-19 23:21:11,894:84:INFO:現在、2ページ目の22件目です。
2020-12-19 23:21:11,927:84:INFO:現在、2ページ目の23件目です。
2020-12-19 23:21:11,957:84:INFO:現在、2ページ目の24件目です。
2020-12-19 23:21:11,988:84:INFO:現在、2ページ目の25件目です。
2020-12-19 23:21:12,018:84:INFO:現在、2ページ目の26件目です。
2020-12-19 23:21:12,050:84:INFO:現在、2ページ目の27件目です。
2020-12-19 23:21:12,084:84:INFO:現在、2ページ目の28件目です。
2020-12-19 23:21:12,114:84:INFO:現在、2ページ目の29件目です。
2020-12-19 23:21:12,146:84:INFO:現在、2ページ目の30件目です。
2020-12-19 23:21:12,177:84:INFO:現在、2ページ目の31件目です。
2020-12-19 23:21:12,209:84:INFO:現在、2ページ目の32件目です。
2020-12-19 23:21:12,242:84:INFO:現在、2ページ目の33件目です。
2020-12-19 23:21:12,275:84:INFO:現在、2ページ目の34件目です。
2020-12-19 23:21:12,308:84:INFO:現在、2ページ目の35件目です。
2020-12-19 23:21:12,342:84:INFO:現在、2ページ目の36件目です。
2020-12-19 23:21:12,375:84:INFO:現在、2ページ目の37件目です。
2020-12-19 23:21:12,407:84:INFO:現在、2ページ目の38件目です。
2020-12-19 23:21:12,440:84:INFO:現在、2ページ目の39件目です。
2020-12-19 23:21:12,475:84:INFO:現在、2ページ目の40件目です。
2020-12-19 23:21:12,507:84:INFO:現在、2ページ目の41件目です。
2020-12-19 23:21:12,541:84:INFO:現在、2ページ目の42件目です。
2020-12-19 23:21:12,574:84:INFO:現在、2ページ目の43件目です。
2020-12-19 23:21:12,609:84:INFO:現在、2ページ目の44件目です。
2020-12-19 23:21:12,640:84:INFO:現在、2ページ目の45件目です。
2020-12-19 23:21:12,672:84:INFO:現在、2ページ目の46件目です。
2020-12-19 23:21:12,704:84:INFO:現在、2ページ目の47件目です。
2020-12-19 23:21:12,735:84:INFO:現在、2ページ目の48件目です。
2020-12-19 23:21:12,768:84:INFO:現在、2ページ目の49件目です。
2020-12-19 23:21:12,801:84:INFO:現在、2ページ目の50件目です。
2020-12-19 23:21:17,412:84:INFO:現在、3ページ目の1件目です。
2020-12-19 23:21:17,443:84:INFO:現在、3ページ目の2件目です。
2020-12-19 23:21:17,475:84:INFO:現在、3ページ目の3件目です。
2020-12-19 23:21:17,506:84:INFO:現在、3ページ目の4件目です。
2020-12-19 23:21:17,538:84:INFO:現在、3ページ目の5件目です。
2020-12-19 23:21:17,570:84:INFO:現在、3ページ目の6件目です。
2020-12-19 23:21:17,601:84:INFO:現在、3ページ目の7件目です。
2020-12-19 23:21:17,632:84:INFO:現在、3ページ目の8件目です。
2020-12-19 23:21:17,663:84:INFO:現在、3ページ目の9件目です。
2020-12-19 23:21:17,695:84:INFO:現在、3ページ目の10件目です。
2020-12-19 23:21:17,725:84:INFO:現在、3ページ目の11件目です。
2020-12-19 23:21:17,758:84:INFO:現在、3ページ目の12件目です。
2020-12-19 23:21:17,789:84:INFO:現在、3ページ目の13件目です。
2020-12-19 23:21:17,823:84:INFO:現在、3ページ目の14件目です。
2020-12-19 23:21:17,855:84:INFO:現在、3ページ目の15件目です。
2020-12-19 23:21:17,888:84:INFO:現在、3ページ目の16件目です。
2020-12-19 23:21:17,919:84:INFO:現在、3ページ目の17件目です。
2020-12-19 23:21:17,951:84:INFO:現在、3ページ目の18件目です。
2020-12-19 23:21:17,982:84:INFO:現在、3ページ目の19件目です。
2020-12-19 23:21:18,023:84:INFO:現在、3ページ目の20件目です。
2020-12-19 23:21:18,081:84:INFO:現在、3ページ目の21件目です。
2020-12-19 23:21:18,128:84:INFO:現在、3ページ目の22件目です。
2020-12-19 23:21:18,164:84:INFO:現在、3ページ目の23件目です。
2020-12-19 23:21:18,195:84:INFO:現在、3ページ目の24件目です。
2020-12-19 23:21:18,229:84:INFO:現在、3ページ目の25件目です。
2020-12-19 23:21:18,281:84:INFO:現在、3ページ目の26件目です。
2020-12-19 23:21:18,316:84:INFO:現在、3ページ目の27件目です。
2020-12-19 23:21:18,347:84:INFO:現在、3ページ目の28件目です。
2020-12-19 23:21:18,378:84:INFO:現在、3ページ目の29件目です。
2020-12-19 23:21:18,409:84:INFO:現在、3ページ目の30件目です。
2020-12-19 23:21:18,440:84:INFO:現在、3ページ目の31件目です。
2020-12-19 23:21:18,472:84:INFO:現在、3ページ目の32件目です。
2020-12-19 23:21:18,503:84:INFO:現在、3ページ目の33件目です。
2020-12-19 23:21:18,534:84:INFO:現在、3ページ目の34件目です。
2020-12-19 23:21:18,565:84:INFO:現在、3ページ目の35件目です。
2020-12-19 23:21:18,596:84:INFO:現在、3ページ目の36件目です。
2020-12-19 23:21:18,627:84:INFO:現在、3ページ目の37件目です。
2020-12-19 23:21:18,658:84:INFO:現在、3ページ目の38件目です。
2020-12-19 23:21:18,690:84:INFO:現在、3ページ目の39件目です。
2020-12-19 23:21:18,722:84:INFO:現在、3ページ目の40件目です。
2020-12-19 23:21:18,753:84:INFO:現在、3ページ目の41件目です。
2020-12-19 23:21:18,787:84:INFO:現在、3ページ目の42件目です。
2020-12-19 23:21:18,822:84:INFO:現在、3ページ目の43件目です。
2020-12-19 23:21:18,855:84:INFO:現在、3ページ目の44件目です。
2020-12-19 23:21:18,889:84:INFO:現在、3ページ目の45件目です。
2020-12-19 23:21:18,924:84:INFO:現在、3ページ目の46件目です。
2020-12-19 23:21:18,958:84:INFO:現在、3ページ目の47件目です。
2020-12-19 23:21:18,992:84:INFO:現在、3ページ目の48件目です。
2020-12-19 23:21:19,025:84:INFO:現在、3ページ目の49件目です。
2020-12-19 23:21:19,059:84:INFO:現在、3ページ目の50件目です。
2020-12-19 23:21:22,838:84:INFO:現在、4ページ目の1件目です。
2020-12-19 23:21:22,870:84:INFO:現在、4ページ目の2件目です。
2020-12-19 23:21:22,901:84:INFO:現在、4ページ目の3件目です。
2020-12-19 23:21:22,934:84:INFO:現在、4ページ目の4件目です。
2020-12-19 23:21:22,970:84:INFO:現在、4ページ目の5件目です。
2020-12-19 23:21:23,002:84:INFO:現在、4ページ目の6件目です。
2020-12-19 23:21:23,033:84:INFO:現在、4ページ目の7件目です。
2020-12-19 23:21:23,064:84:INFO:現在、4ページ目の8件目です。
2020-12-19 23:21:23,094:84:INFO:現在、4ページ目の9件目です。
2020-12-19 23:21:23,124:84:INFO:現在、4ページ目の10件目です。
2020-12-19 23:21:23,155:84:INFO:現在、4ページ目の11件目です。
2020-12-19 23:21:23,189:84:INFO:現在、4ページ目の12件目です。
2020-12-19 23:21:23,222:84:INFO:現在、4ページ目の13件目です。
2020-12-19 23:21:23,253:84:INFO:現在、4ページ目の14件目です。
2020-12-19 23:21:23,284:84:INFO:現在、4ページ目の15件目です。
2020-12-19 23:21:23,316:84:INFO:現在、4ページ目の16件目です。
2020-12-19 23:21:23,347:84:INFO:現在、4ページ目の17件目です。
2020-12-19 23:21:23,381:84:INFO:現在、4ページ目の18件目です。
2020-12-19 23:21:23,415:84:INFO:現在、4ページ目の19件目です。
2020-12-19 23:21:23,449:84:INFO:現在、4ページ目の20件目です。
2020-12-19 23:21:23,483:84:INFO:現在、4ページ目の21件目です。
2020-12-19 23:21:23,515:84:INFO:現在、4ページ目の22件目です。
2020-12-19 23:21:23,545:84:INFO:現在、4ページ目の23件目です。
2020-12-19 23:21:23,580:84:INFO:現在、4ページ目の24件目です。
2020-12-19 23:21:23,613:84:INFO:現在、4ページ目の25件目です。
2020-12-19 23:21:23,645:84:INFO:現在、4ページ目の26件目です。
2020-12-19 23:21:23,679:84:INFO:現在、4ページ目の27件目です。
2020-12-19 23:21:23,720:84:INFO:現在、4ページ目の28件目です。
2020-12-19 23:21:23,756:84:INFO:現在、4ページ目の29件目です。
2020-12-19 23:21:23,788:84:INFO:現在、4ページ目の30件目です。
2020-12-19 23:21:23,818:84:INFO:現在、4ページ目の31件目です。
2020-12-19 23:21:23,862:84:INFO:現在、4ページ目の32件目です。
2020-12-19 23:21:23,920:84:INFO:現在、4ページ目の33件目です。
2020-12-19 23:21:23,967:84:INFO:現在、4ページ目の34件目です。
2020-12-19 23:21:24,001:84:INFO:現在、4ページ目の35件目です。
2020-12-19 23:21:24,034:84:INFO:現在、4ページ目の36件目です。
2020-12-19 23:21:24,073:84:INFO:現在、4ページ目の37件目です。
2020-12-19 23:21:24,107:84:INFO:現在、4ページ目の38件目です。
2020-12-19 23:21:24,140:84:INFO:現在、4ページ目の39件目です。
2020-12-19 23:21:24,173:84:INFO:現在、4ページ目の40件目です。
2020-12-19 23:21:24,211:84:INFO:現在、4ページ目の41件目です。
2020-12-19 23:21:24,246:84:INFO:現在、4ページ目の42件目です。
2020-12-19 23:21:24,279:84:INFO:現在、4ページ目の43件目です。
2020-12-19 23:21:24,313:84:INFO:現在、4ページ目の44件目です。
2020-12-19 23:21:24,364:84:INFO:現在、4ページ目の45件目です。
2020-12-19 23:21:24,399:84:INFO:現在、4ページ目の46件目です。
2020-12-19 23:21:24,430:84:INFO:現在、4ページ目の47件目です。
2020-12-19 23:21:24,460:84:INFO:現在、4ページ目の48件目です。
2020-12-19 23:21:24,491:84:INFO:現在、4ページ目の49件目です。
2020-12-19 23:21:24,522:84:INFO:現在、4ページ目の50件目です。
2020-12-19 23:21:28,714:84:INFO:現在、5ページ目の1件目です。
2020-12-19 23:21:28,748:84:INFO:現在、5ページ目の2件目です。
2020-12-19 23:21:28,779:84:INFO:現在、5ページ目の3件目です。
2020-12-19 23:21:28,809:84:INFO:現在、5ページ目の4件目です。
2020-12-19 23:21:28,842:84:INFO:現在、5ページ目の5件目です。
2020-12-19 23:21:28,872:84:INFO:現在、5ページ目の6件目です。
2020-12-19 23:21:28,903:84:INFO:現在、5ページ目の7件目です。
2020-12-19 23:21:28,935:84:INFO:現在、5ページ目の8件目です。
2020-12-19 23:21:28,965:84:INFO:現在、5ページ目の9件目です。
2020-12-19 23:21:28,998:84:INFO:現在、5ページ目の10件目です。
2020-12-19 23:21:29,028:84:INFO:現在、5ページ目の11件目です。
2020-12-19 23:21:29,059:84:INFO:現在、5ページ目の12件目です。
2020-12-19 23:21:29,089:84:INFO:現在、5ページ目の13件目です。
2020-12-19 23:21:29,120:84:INFO:現在、5ページ目の14件目です。
2020-12-19 23:21:29,151:84:INFO:現在、5ページ目の15件目です。
2020-12-19 23:21:29,182:84:INFO:現在、5ページ目の16件目です。
2020-12-19 23:21:29,220:84:INFO:現在、5ページ目の17件目です。
2020-12-19 23:21:29,256:84:INFO:現在、5ページ目の18件目です。
2020-12-19 23:21:29,288:84:INFO:現在、5ページ目の19件目です。
2020-12-19 23:21:29,318:84:INFO:現在、5ページ目の20件目です。
2020-12-19 23:21:29,349:84:INFO:現在、5ページ目の21件目です。
2020-12-19 23:21:29,381:84:INFO:現在、5ページ目の22件目です。
2020-12-19 23:21:29,410:84:INFO:現在、5ページ目の23件目です。
2020-12-19 23:21:29,440:84:INFO:現在、5ページ目の24件目です。
2020-12-19 23:21:29,470:84:INFO:現在、5ページ目の25件目です。
2020-12-19 23:21:29,499:84:INFO:現在、5ページ目の26件目です。
2020-12-19 23:21:29,528:84:INFO:現在、5ページ目の27件目です。
2020-12-19 23:21:29,558:84:INFO:現在、5ページ目の28件目です。
2020-12-19 23:21:29,587:84:INFO:現在、5ページ目の29件目です。
2020-12-19 23:21:29,617:84:INFO:現在、5ページ目の30件目です。
2020-12-19 23:21:29,646:84:INFO:現在、5ページ目の31件目です。
2020-12-19 23:21:29,681:84:INFO:現在、5ページ目の32件目です。
2020-12-19 23:21:29,718:84:INFO:現在、5ページ目の33件目です。
2020-12-19 23:21:29,748:84:INFO:現在、5ページ目の34件目です。
2020-12-19 23:21:29,781:84:INFO:現在、5ページ目の35件目です。
2020-12-19 23:21:29,815:84:INFO:現在、5ページ目の36件目です。
2020-12-19 23:21:29,845:84:INFO:現在、5ページ目の37件目です。
2020-12-19 23:21:29,875:84:INFO:現在、5ページ目の38件目です。
2020-12-19 23:21:29,907:84:INFO:現在、5ページ目の39件目です。
2020-12-19 23:21:29,939:84:INFO:現在、5ページ目の40件目です。
2020-12-19 23:21:29,974:84:INFO:現在、5ページ目の41件目です。
2020-12-19 23:21:30,009:84:INFO:現在、5ページ目の42件目です。
2020-12-19 23:21:30,042:84:INFO:現在、5ページ目の43件目です。
2020-12-19 23:21:30,076:84:INFO:現在、5ページ目の44件目です。
2020-12-19 23:21:30,107:84:INFO:現在、5ページ目の45件目です。
2020-12-19 23:21:30,138:84:INFO:現在、5ページ目の46件目です。
2020-12-19 23:21:30,169:84:INFO:現在、5ページ目の47件目です。
2020-12-19 23:21:30,199:84:INFO:現在、5ページ目の48件目です。
2020-12-19 23:21:30,231:84:INFO:現在、5ページ目の49件目です。
2020-12-19 23:21:30,269:84:INFO:現在、5ページ目の50件目です。
2020-12-19 23:21:33,496:84:INFO:現在、6ページ目の1件目です。
2020-12-19 23:21:33,526:84:INFO:現在、6ページ目の2件目です。
2020-12-19 23:21:33,557:84:INFO:現在、6ページ目の3件目です。
2020-12-19 23:21:33,588:84:INFO:現在、6ページ目の4件目です。
2020-12-19 23:21:33,619:84:INFO:現在、6ページ目の5件目です。
2020-12-19 23:21:33,649:84:INFO:現在、6ページ目の6件目です。
2020-12-19 23:21:33,679:84:INFO:現在、6ページ目の7件目です。
2020-12-19 23:21:33,709:84:INFO:現在、6ページ目の8件目です。
2020-12-19 23:21:33,740:84:INFO:現在、6ページ目の9件目です。
2020-12-19 23:21:33,771:84:INFO:現在、6ページ目の10件目です。
2020-12-19 23:21:33,802:84:INFO:現在、6ページ目の11件目です。
2020-12-19 23:21:33,832:84:INFO:現在、6ページ目の12件目です。
2020-12-19 23:21:33,865:84:INFO:現在、6ページ目の13件目です。
2020-12-19 23:21:33,899:84:INFO:現在、6ページ目の14件目です。
2020-12-19 23:21:33,929:84:INFO:現在、6ページ目の15件目です。
2020-12-19 23:21:33,960:84:INFO:現在、6ページ目の16件目です。
2020-12-19 23:21:33,991:84:INFO:現在、6ページ目の17件目です。
2020-12-19 23:21:34,022:84:INFO:現在、6ページ目の18件目です。
2020-12-19 23:21:34,053:84:INFO:現在、6ページ目の19件目です。
2020-12-19 23:21:34,089:84:INFO:現在、6ページ目の20件目です。
2020-12-19 23:21:34,137:84:INFO:現在、6ページ目の21件目です。
2020-12-19 23:21:34,199:84:INFO:現在、6ページ目の22件目です。
2020-12-19 23:21:34,244:84:INFO:現在、6ページ目の23件目です。
2020-12-19 23:21:34,279:84:INFO:現在、6ページ目の24件目です。
2020-12-19 23:21:34,311:84:INFO:現在、6ページ目の25件目です。
2020-12-19 23:21:34,342:84:INFO:現在、6ページ目の26件目です。
2020-12-19 23:21:34,374:84:INFO:現在、6ページ目の27件目です。
2020-12-19 23:21:34,407:84:INFO:現在、6ページ目の28件目です。
2020-12-19 23:21:34,440:84:INFO:現在、6ページ目の29件目です。
2020-12-19 23:21:34,474:84:INFO:現在、6ページ目の30件目です。
2020-12-19 23:21:34,507:84:INFO:現在、6ページ目の31件目です。
2020-12-19 23:21:34,545:84:INFO:現在、6ページ目の32件目です。
2020-12-19 23:21:34,582:84:INFO:現在、6ページ目の33件目です。
2020-12-19 23:21:34,617:84:INFO:現在、6ページ目の34件目です。
2020-12-19 23:21:34,648:84:INFO:現在、6ページ目の35件目です。
2020-12-19 23:21:34,680:84:INFO:現在、6ページ目の36件目です。
2020-12-19 23:21:34,713:84:INFO:現在、6ページ目の37件目です。
2020-12-19 23:21:34,749:84:INFO:現在、6ページ目の38件目です。
2020-12-19 23:21:34,786:84:INFO:現在、6ページ目の39件目です。
2020-12-19 23:21:34,823:84:INFO:現在、6ページ目の40件目です。
2020-12-19 23:21:34,875:84:INFO:現在、6ページ目の41件目です。
2020-12-19 23:21:34,917:84:INFO:現在、6ページ目の42件目です。
2020-12-19 23:21:34,948:84:INFO:現在、6ページ目の43件目です。
2020-12-19 23:21:34,979:84:INFO:現在、6ページ目の44件目です。
2020-12-19 23:21:35,010:84:INFO:現在、6ページ目の45件目です。
2020-12-19 23:21:35,044:84:INFO:現在、6ページ目の46件目です。
2020-12-19 23:21:35,076:84:INFO:現在、6ページ目の47件目です。
2020-12-19 23:21:35,108:84:INFO:現在、6ページ目の48件目です。
2020-12-19 23:21:35,140:84:INFO:現在、6ページ目の49件目です。
2020-12-19 23:21:35,175:84:INFO:現在、6ページ目の50件目です。
2020-12-19 23:21:38,372:84:INFO:現在、7ページ目の1件目です。
2020-12-19 23:21:38,402:84:INFO:現在、7ページ目の2件目です。
2020-12-19 23:21:38,432:84:INFO:現在、7ページ目の3件目です。
2020-12-19 23:21:38,462:84:INFO:現在、7ページ目の4件目です。
2020-12-19 23:21:38,493:84:INFO:現在、7ページ目の5件目です。
2020-12-19 23:21:38,522:84:INFO:現在、7ページ目の6件目です。
2020-12-19 23:21:38,554:84:INFO:現在、7ページ目の7件目です。
2020-12-19 23:21:38,584:84:INFO:現在、7ページ目の8件目です。
2020-12-19 23:21:38,614:84:INFO:現在、7ページ目の9件目です。
2020-12-19 23:21:38,645:84:INFO:現在、7ページ目の10件目です。
2020-12-19 23:21:38,677:84:INFO:現在、7ページ目の11件目です。
2020-12-19 23:21:38,707:84:INFO:現在、7ページ目の12件目です。
2020-12-19 23:21:38,740:84:INFO:現在、7ページ目の13件目です。
2020-12-19 23:21:38,773:84:INFO:現在、7ページ目の14件目です。
2020-12-19 23:21:38,806:84:INFO:現在、7ページ目の15件目です。
2020-12-19 23:21:38,839:84:INFO:現在、7ページ目の16件目です。
2020-12-19 23:21:38,873:84:INFO:現在、7ページ目の17件目です。
2020-12-19 23:21:38,906:84:INFO:現在、7ページ目の18件目です。
2020-12-19 23:21:38,937:84:INFO:現在、7ページ目の19件目です。
2020-12-19 23:21:38,969:84:INFO:現在、7ページ目の20件目です。
2020-12-19 23:21:39,001:84:INFO:現在、7ページ目の21件目です。
2020-12-19 23:21:39,037:84:INFO:現在、7ページ目の22件目です。
2020-12-19 23:21:39,076:84:INFO:現在、7ページ目の23件目です。
2020-12-19 23:21:39,108:84:INFO:現在、7ページ目の24件目です。
2020-12-19 23:21:39,142:84:INFO:現在、7ページ目の25件目です。
2020-12-19 23:21:39,176:84:INFO:現在、7ページ目の26件目です。
2020-12-19 23:21:39,208:84:INFO:現在、7ページ目の27件目です。
2020-12-19 23:21:39,244:84:INFO:現在、7ページ目の28件目です。
2020-12-19 23:21:39,279:84:INFO:現在、7ページ目の29件目です。
2020-12-19 23:21:39,311:84:INFO:現在、7ページ目の30件目です。
2020-12-19 23:21:39,342:84:INFO:現在、7ページ目の31件目です。
2020-12-19 23:21:39,373:84:INFO:現在、7ページ目の32件目です。
2020-12-19 23:21:39,405:84:INFO:現在、7ページ目の33件目です。
2020-12-19 23:21:39,439:84:INFO:現在、7ページ目の34件目です。
2020-12-19 23:21:39,473:84:INFO:現在、7ページ目の35件目です。
2020-12-19 23:21:39,506:84:INFO:現在、7ページ目の36件目です。
2020-12-19 23:21:39,538:84:INFO:現在、7ページ目の37件目です。
2020-12-19 23:21:39,572:84:INFO:現在、7ページ目の38件目です。
2020-12-19 23:21:39,608:84:INFO:現在、7ページ目の39件目です。
2020-12-19 23:21:39,646:84:INFO:現在、7ページ目の40件目です。
2020-12-19 23:21:39,678:84:INFO:現在、7ページ目の41件目です。
2020-12-19 23:21:39,712:84:INFO:現在、7ページ目の42件目です。
2020-12-19 23:21:39,743:84:INFO:現在、7ページ目の43件目です。
2020-12-19 23:21:39,775:84:INFO:現在、7ページ目の44件目です。
2020-12-19 23:21:39,809:84:INFO:現在、7ページ目の45件目です。
2020-12-19 23:21:39,849:84:INFO:現在、7ページ目の46件目です。
2020-12-19 23:21:39,891:84:INFO:現在、7ページ目の47件目です。
2020-12-19 23:21:39,928:84:INFO:現在、7ページ目の48件目です。
2020-12-19 23:21:39,961:84:INFO:現在、7ページ目の49件目です。
2020-12-19 23:21:40,000:84:INFO:現在、7ページ目の50件目です。
2020-12-19 23:21:43,188:84:INFO:現在、8ページ目の1件目です。
2020-12-19 23:21:43,219:84:INFO:現在、8ページ目の2件目です。
2020-12-19 23:21:43,250:84:INFO:現在、8ページ目の3件目です。
2020-12-19 23:21:43,280:84:INFO:現在、8ページ目の4件目です。
2020-12-19 23:21:43,311:84:INFO:現在、8ページ目の5件目です。
2020-12-19 23:21:43,341:84:INFO:現在、8ページ目の6件目です。
2020-12-19 23:21:43,372:84:INFO:現在、8ページ目の7件目です。
2020-12-19 23:21:43,403:84:INFO:現在、8ページ目の8件目です。
2020-12-19 23:21:43,434:84:INFO:現在、8ページ目の9件目です。
2020-12-19 23:21:43,465:84:INFO:現在、8ページ目の10件目です。
2020-12-19 23:21:43,497:84:INFO:現在、8ページ目の11件目です。
2020-12-19 23:21:43,527:84:INFO:現在、8ページ目の12件目です。
2020-12-19 23:21:43,559:84:INFO:現在、8ページ目の13件目です。
2020-12-19 23:21:43,590:84:INFO:現在、8ページ目の14件目です。
2020-12-19 23:21:43,622:84:INFO:現在、8ページ目の15件目です。
2020-12-19 23:21:43,657:84:INFO:現在、8ページ目の16件目です。
2020-12-19 23:21:43,688:84:INFO:現在、8ページ目の17件目です。
2020-12-19 23:21:43,721:84:INFO:現在、8ページ目の18件目です。
2020-12-19 23:21:43,754:84:INFO:現在、8ページ目の19件目です。
2020-12-19 23:21:43,791:84:INFO:現在、8ページ目の20件目です。
2020-12-19 23:21:43,826:84:INFO:現在、8ページ目の21件目です。
2020-12-19 23:21:43,863:84:INFO:現在、8ページ目の22件目です。
2020-12-19 23:21:43,899:84:INFO:現在、8ページ目の23件目です。
2020-12-19 23:21:43,931:84:INFO:現在、8ページ目の24件目です。
2020-12-19 23:21:43,963:84:INFO:現在、8ページ目の25件目です。
2020-12-19 23:21:44,000:84:INFO:現在、8ページ目の26件目です。
2020-12-19 23:21:44,035:84:INFO:現在、8ページ目の27件目です。
2020-12-19 23:21:44,069:84:INFO:現在、8ページ目の28件目です。
2020-12-19 23:21:44,103:84:INFO:現在、8ページ目の29件目です。
2020-12-19 23:21:44,140:84:INFO:現在、8ページ目の30件目です。
2020-12-19 23:21:44,172:84:INFO:現在、8ページ目の31件目です。
2020-12-19 23:21:44,205:84:INFO:現在、8ページ目の32件目です。
2020-12-19 23:21:44,238:84:INFO:現在、8ページ目の33件目です。
2020-12-19 23:21:44,273:84:INFO:現在、8ページ目の34件目です。
2020-12-19 23:21:44,307:84:INFO:現在、8ページ目の35件目です。
2020-12-19 23:21:44,342:84:INFO:現在、8ページ目の36件目です。
2020-12-19 23:21:44,378:84:INFO:現在、8ページ目の37件目です。
2020-12-19 23:21:44,413:84:INFO:現在、8ページ目の38件目です。
2020-12-19 23:21:44,448:84:INFO:現在、8ページ目の39件目です。
2020-12-19 23:21:44,483:84:INFO:現在、8ページ目の40件目です。
2020-12-19 23:21:44,520:84:INFO:現在、8ページ目の41件目です。
2020-12-19 23:21:44,561:84:INFO:現在、8ページ目の42件目です。
2020-12-19 23:21:44,597:84:INFO:現在、8ページ目の43件目です。
2020-12-19 23:21:44,633:84:INFO:現在、8ページ目の44件目です。
2020-12-19 23:21:44,667:84:INFO:現在、8ページ目の45件目です。
2020-12-19 23:21:44,703:84:INFO:現在、8ページ目の46件目です。
2020-12-19 23:21:44,737:84:INFO:現在、8ページ目の47件目です。
2020-12-19 23:21:44,772:84:INFO:現在、8ページ目の48件目です。
2020-12-19 23:21:44,811:84:INFO:現在、8ページ目の49件目です。
2020-12-19 23:21:44,846:84:INFO:現在、8ページ目の50件目です。
2020-12-19 23:21:47,775:95:ERROR:NoSuchElementException
